src/services/rettiwt.service.ts(24,13): error TS2353: Object literal may only specify known properties, and 'delay' does not exist in type 'IRettiwtConfig'.
src/services/rettiwt.service.ts(44,20): error TS2339: Property 'url' does not exist on type 'Tweet'.
